// Jest Snapshot v1, https://goo.gl/fbAQLP

exports[`is input in right form 1`] = `
<div
  className="card"
  page="http://www.facebook.com"
>
  Facebook
</div>
`;
